table yang dimiliki oleh project ini

mysql> show tables;
+-----------------------+
| Tables_in_perpustal   |
+-----------------------+
| activity_logs         |
| book_library          |
| books                 |
| borrowings            |
| cache                 |
| cache_locks           |
| categories            |
| cities                |
| failed_jobs           |
| job_batches           |
| jobs                  |
| libraries             |
| migrations            |
| notifications         |
| password_reset_tokens |
| reviews               |
| sessions              |
| users                 |
+-----------------------+

mysql> desc activity_logs;
+---------------+---------------------------------------------------------------------------------------------------------------------------------------------------------------------------------------------------------------------------------------------------------------------------------------------------------------------------------------------------------------------------------------------------------------------+------+-----+---------+----------------+
| Field         | Type

                                                                                        | Null | Key | Default | Extra          |
+---------------+---------------------------------------------------------------------------------------------------------------------------------------------------------------------------------------------------------------------------------------------------------------------------------------------------------------------------------------------------------------------------------------------------------------------+------+-----+---------+----------------+
| id            | bigint unsigned

                                                                                        | NO   | PRI | NULL    | auto_increment |
| user_id       | bigint unsigned

                                                                                        | NO   | MUL | NULL    |                |
| activity_type | enum('user_borrow','user_return_request','user_cancel_borrow','user_review','user_delete_review','staff_approve_borrow','staff_reject_borrow','staff_process_return','staff_add_book','staff_update_book','staff_add_book_to_library','staff_update_stock','staff_remove_book_from_library','user_banned','admin_ban_user','admin_unban_user','admin_delete_category','admin_create_category','admin_manage_staff') | NO   |     | NULL    |                |
| resource_type | enum('Book','Borrowing','Review','User','Category','Library')

                                                                                        | NO   | MUL | NULL    |                |
| resource_id   | bigint unsigned

                                                                                        | NO   |     | NULL    |                |
| description   | text

                                                                                        | YES  |     | NULL    |                |
| metadata      | json

                                                                                        | YES  |     | NULL    |                |
| created_at    | timestamp

                                                                                        | YES  | MUL | NULL    |                |
| updated_at    | timestamp

                                                                                        | YES  |     | NULL    |                |
+---------------+---------------------------------------------------------------------------------------------------------------------------------------------------------------------------------------------------------------------------------------------------------------------------------------------------------------------------------------------------------------------------------------------------------------------+------+-----+---------+----------------+
9 rows in set (0.68 sec)

mysql> desc book_library;
+------------+-----------------+------+-----+---------+----------------+
| Field      | Type            | Null | Key | Default | Extra          |
+------------+-----------------+------+-----+---------+----------------+
| id         | bigint unsigned | NO   | PRI | NULL    | auto_increment |
| book_id    | bigint unsigned | NO   | MUL | NULL    |                |
| library_id | bigint unsigned | NO   | MUL | NULL    |                |
| stock      | int             | NO   |     | 0       |                |
| created_at | timestamp       | YES  |     | NULL    |                |
| updated_at | timestamp       | YES  |     | NULL    |                |
+------------+-----------------+------+-----+---------+----------------+
6 rows in set (0.05 sec)

mysql> desc books;
+--------------+-----------------+------+-----+---------+----------------+
| Field        | Type            | Null | Key | Default | Extra          |
+--------------+-----------------+------+-----+---------+----------------+
| id           | bigint unsigned | NO   | PRI | NULL    | auto_increment |
| category_id  | bigint unsigned | NO   | MUL | NULL    |                |
| title        | varchar(255)    | NO   |     | NULL    |                |
| author       | varchar(255)    | NO   |     | NULL    |                |
| publisher    | varchar(255)    | YES  |     | NULL    |                |
| year         | year            | YES  |     | NULL    |                |
| isbn         | varchar(255)    | YES  |     | NULL    |                |
| description  | text            | YES  |     | NULL    |                |
| cover_path   | varchar(255)    | YES  |     | NULL    |                |
| preview_path | varchar(255)    | YES  |     | NULL    |                |
| created_at   | timestamp       | YES  |     | NULL    |                |
| updated_at   | timestamp       | YES  |     | NULL    |                |
| deleted_at   | timestamp       | YES  |     | NULL    |                |
+--------------+-----------------+------+-----+---------+----------------+
13 rows in set (0.00 sec)

mysql> desc borrowings;
+------------------+--------------------------------------------------+------+-----+---------+----------------+
| Field            | Type                                             | Null | Key | Default | Extra          |
+------------------+--------------------------------------------------+------+-----+---------+----------------+
| id               | bigint unsigned                                  | NO   | PRI | NULL    | auto_increment |
| user_id          | bigint unsigned                                  | NO   | MUL | NULL    |                |
| book_id          | bigint unsigned                                  | NO   | MUL | NULL    |                |
| library_id       | bigint unsigned                                  | NO   | MUL | NULL    |                |
| status           | enum('pending','approved','rejected','returned') | NO   |     | pending |                |
| staff_id         | bigint unsigned                                  | YES  | MUL | NULL    |                |
| borrow_date      | date                                             | YES  |     | NULL    |                |
| return_date      | date                                             | YES  |     | NULL    |                |
| canceled_at      | timestamp                                        | YES  |     | NULL    |                |
| cancel_reason    | text                                             | YES  |     | NULL    |                |
| notes            | text                                             | YES  |     | NULL    |                |
| created_at       | timestamp                                        | YES  |     | NULL    |                |
| updated_at       | timestamp                                        | YES  |     | NULL    |                |
| due_date         | date                                             | YES  |     | NULL    |                |
| return_condition | enum('good','fair','damaged')                    | YES  |     | NULL    |                |
| damage_notes     | text                                             | YES  |     | NULL    |                |
+------------------+--------------------------------------------------+------+-----+---------+----------------+
16 rows in set (0.00 sec)

mysql> desc categories;
+------------+-----------------+------+-----+---------+----------------+
| Field      | Type            | Null | Key | Default | Extra          |
+------------+-----------------+------+-----+---------+----------------+
| id         | bigint unsigned | NO   | PRI | NULL    | auto_increment |
| name       | varchar(255)    | NO   |     | NULL    |                |
| slug       | varchar(255)    | NO   | UNI | NULL    |                |
| created_at | timestamp       | YES  |     | NULL    |                |
| updated_at | timestamp       | YES  |     | NULL    |                |
| deleted_at | timestamp       | YES  |     | NULL    |                |
+------------+-----------------+------+-----+---------+----------------+
6 rows in set (0.05 sec)

mysql> desc cities;
+------------+-----------------+------+-----+---------+----------------+
| Field      | Type            | Null | Key | Default | Extra          |
+------------+-----------------+------+-----+---------+----------------+
| id         | bigint unsigned | NO   | PRI | NULL    | auto_increment |
| name       | varchar(255)    | NO   | UNI | NULL    |                |
| latitude   | decimal(10,8)   | NO   |     | NULL    |                |
| longitude  | decimal(11,8)   | NO   |     | NULL    |                |
| created_at | timestamp       | YES  |     | NULL    |                |
| updated_at | timestamp       | YES  |     | NULL    |                |
+------------+-----------------+------+-----+---------+----------------+
6 rows in set (0.00 sec)

mysql> desc libraries;
+------------+-----------------+------+-----+---------+----------------+
| Field      | Type            | Null | Key | Default | Extra          |
+------------+-----------------+------+-----+---------+----------------+
| id         | bigint unsigned | NO   | PRI | NULL    | auto_increment |
| name       | varchar(255)    | NO   |     | NULL    |                |
| address    | text            | NO   |     | NULL    |                |
| latitude   | decimal(10,7)   | NO   |     | NULL    |                |
| longitude  | decimal(10,7)   | NO   |     | NULL    |                |
| created_at | timestamp       | YES  |     | NULL    |                |
| updated_at | timestamp       | YES  |     | NULL    |                |
| deleted_at | timestamp       | YES  |     | NULL    |                |
| city_id    | bigint unsigned | YES  | MUL | NULL    |                |
+------------+-----------------+------+-----+---------+----------------+
9 rows in set (0.00 sec)

mysql> desc notifications;
+-----------------+-----------------+------+-----+---------+-------+
| Field           | Type            | Null | Key | Default | Extra |
+-----------------+-----------------+------+-----+---------+-------+
| id              | char(36)        | NO   | PRI | NULL    |       |
| type            | varchar(255)    | NO   |     | NULL    |       |
| notifiable_type | varchar(255)    | NO   | MUL | NULL    |       |
| notifiable_id   | bigint unsigned | NO   |     | NULL    |       |
| data            | text            | NO   |     | NULL    |       |
| read_at         | timestamp       | YES  |     | NULL    |       |
| created_at      | timestamp       | YES  |     | NULL    |       |
| updated_at      | timestamp       | YES  |     | NULL    |       |
+-----------------+-----------------+------+-----+---------+-------+
8 rows in set (0.04 sec)

mysql> desc reviews
    -> ;
+------------+-----------------+------+-----+---------+----------------+
| Field      | Type            | Null | Key | Default | Extra          |
+------------+-----------------+------+-----+---------+----------------+
| id         | bigint unsigned | NO   | PRI | NULL    | auto_increment |
| book_id    | bigint unsigned | NO   | MUL | NULL    |                |
| user_id    | bigint unsigned | NO   | MUL | NULL    |                |
| rating     | int             | NO   |     | 5       |                |
| comment    | text            | YES  |     | NULL    |                |
| created_at | timestamp       | YES  |     | NULL    |                |
| updated_at | timestamp       | YES  |     | NULL    |                |
+------------+-----------------+------+-----+---------+----------------+
7 rows in set (0.04 sec)

mysql> desc sessions;
+---------------+-----------------+------+-----+---------+-------+
| Field         | Type            | Null | Key | Default | Extra |
+---------------+-----------------+------+-----+---------+-------+
| id            | varchar(255)    | NO   | PRI | NULL    |       |
| user_id       | bigint unsigned | YES  | MUL | NULL    |       |
| ip_address    | varchar(45)     | YES  |     | NULL    |       |
| user_agent    | text            | YES  |     | NULL    |       |
| payload       | longtext        | NO   |     | NULL    |       |
| last_activity | int             | NO   | MUL | NULL    |       |
+---------------+-----------------+------+-----+---------+-------+
6 rows in set (0.00 sec)

mysql> desc users;
+-------------------+-----------------+------+-----+---------+----------------+
| Field             | Type            | Null | Key | Default | Extra          |
+-------------------+-----------------+------+-----+---------+----------------+
| id                | bigint unsigned | NO   | PRI | NULL    | auto_increment |
| name              | varchar(255)    | NO   |     | NULL    |                |
| email             | varchar(255)    | NO   | UNI | NULL    |                |
| ktp_number        | varchar(16)     | YES  | UNI | NULL    |                |
| ktp_photo_path    | varchar(255)    | YES  |     | NULL    |                |
| role              | varchar(255)    | NO   |     | user    |                |
| email_verified_at | timestamp       | YES  |     | NULL    |                |
| password          | varchar(255)    | NO   |     | NULL    |                |
| remember_token    | varchar(100)    | YES  |     | NULL    |                |
| created_at        | timestamp       | YES  |     | NULL    |                |
| updated_at        | timestamp       | YES  |     | NULL    |                |
| ban_until         | timestamp       | YES  |     | NULL    |                |
| banned_reason     | text            | YES  |     | NULL    |                |
| latitude          | decimal(10,8)   | YES  |     | NULL    |                |
| longitude         | decimal(11,8)   | YES  |     | NULL    |                |
| city_id           | bigint unsigned | YES  | MUL | NULL    |                |
+-------------------+-----------------+------+-----+---------+----------------+
16 rows in set (0.00 sec)

mysql>

struktur tabel yang digunakan dalam project ini
kalo masih kurang paham. check databases/migrations, untuk mengerti apa saja table nya habsi di apaain, dan seeder jnya buat tau apa aja data data nya walaupun gk sesuai tapi fokus ke struktur nya
